// Jest Snapshot v1, https://goo.gl/fbAQLP

exports[`SearchMap Matches snapshot 1`] = `
Object {
  "asFragment": [Function],
  "baseElement": <body>
    <div>
      <div
        class="map"
        role="map-wrapper"
      >
        <div
          style="position: relative; width: 0px; height: 0px; cursor: grab; outline: none;"
          tabindex="0"
        >
          <div
            style="position: relative; width: 100%; height: 100%;"
          >
            <div
              class=""
              style="position: absolute; width: 100%; height: 100%; overflow: hidden; visibility: inherit;"
            />
            <div
              style="overflow: visible; height: 0px; width: 0px;"
            />
            <div
              class="resize-triggers"
            >
              <div
                class="expand-trigger"
              >
                <div
                  style="width: 1px; height: 1px;"
                />
              </div>
              <div
                class="contract-trigger"
              />
            </div>
          </div>
        </div>
      </div>
    </div>
  </body>,
  "container": <div>
    <div
      class="map"
      role="map-wrapper"
    >
      <div
        style="position: relative; width: 0px; height: 0px; cursor: grab; outline: none;"
        tabindex="0"
      >
        <div
          style="position: relative; width: 100%; height: 100%;"
        >
          <div
            class=""
            style="position: absolute; width: 100%; height: 100%; overflow: hidden; visibility: inherit;"
          />
          <div
            style="overflow: visible; height: 0px; width: 0px;"
          />
          <div
            class="resize-triggers"
          >
            <div
              class="expand-trigger"
            >
              <div
                style="width: 1px; height: 1px;"
              />
            </div>
            <div
              class="contract-trigger"
            />
          </div>
        </div>
      </div>
    </div>
  </div>,
  "debug": [Function],
  "findAllByAltText": [Function],
  "findAllByDisplayValue": [Function],
  "findAllByLabelText": [Function],
  "findAllByPlaceholderText": [Function],
  "findAllByRole": [Function],
  "findAllByTestId": [Function],
  "findAllByText": [Function],
  "findAllByTitle": [Function],
  "findByAltText": [Function],
  "findByDisplayValue": [Function],
  "findByLabelText": [Function],
  "findByPlaceholderText": [Function],
  "findByRole": [Function],
  "findByTestId": [Function],
  "findByText": [Function],
  "findByTitle": [Function],
  "getAllByAltText": [Function],
  "getAllByDisplayValue": [Function],
  "getAllByLabelText": [Function],
  "getAllByPlaceholderText": [Function],
  "getAllByRole": [Function],
  "getAllByTestId": [Function],
  "getAllByText": [Function],
  "getAllByTitle": [Function],
  "getByAltText": [Function],
  "getByDisplayValue": [Function],
  "getByLabelText": [Function],
  "getByPlaceholderText": [Function],
  "getByRole": [Function],
  "getByTestId": [Function],
  "getByText": [Function],
  "getByTitle": [Function],
  "queryAllByAltText": [Function],
  "queryAllByDisplayValue": [Function],
  "queryAllByLabelText": [Function],
  "queryAllByPlaceholderText": [Function],
  "queryAllByRole": [Function],
  "queryAllByTestId": [Function],
  "queryAllByText": [Function],
  "queryAllByTitle": [Function],
  "queryByAltText": [Function],
  "queryByDisplayValue": [Function],
  "queryByLabelText": [Function],
  "queryByPlaceholderText": [Function],
  "queryByRole": [Function],
  "queryByTestId": [Function],
  "queryByText": [Function],
  "queryByTitle": [Function],
  "rerender": [Function],
  "unmount": [Function],
}
`;
