// Jest Snapshot v1, https://goo.gl/fbAQLP

exports[`display mapbox matches snapshot 1`] = `
<div
  className="map"
  role="map-wrapper"
>
  <div
    style={
      Object {
        "cursor": "grab",
        "height": 0,
        "position": "relative",
        "width": 0,
      }
    }
  >
    <div
      style={
        Object {
          "height": "100%",
          "position": "relative",
          "width": "100%",
        }
      }
    >
      <div
        className=""
        style={
          Object {
            "height": "100%",
            "overflow": "hidden",
            "position": "absolute",
            "visibility": "inherit",
            "width": "100%",
          }
        }
      />
      <div
        style={
          Object {
            "height": 0,
            "overflow": "visible",
            "width": 0,
          }
        }
      />
    </div>
  </div>
</div>
`;
