// Jest Snapshot v1, https://goo.gl/fbAQLP

exports[`about card renders without crashing <AboutCard /> snapshot 1`] = `
Object {
  "asFragment": [Function],
  "baseElement": <body>
    <div>
      <div
        class="awesome-aliens-box"
        data-testid="awesome-aliens-box"
      >
        <div
          class="left"
          data-testid="left"
        >
          <h2
            data-testid="carpaller-name"
          >
            Dennis Padiernos
          </h2>
          <h3
            class="team-title"
          >
            Chief Dad Joke Officer
          </h3>
          <div
            class="hide-tablet show-desktop"
          >
            <div
              class="img-container"
              data-testid="img-container"
            >
              <img
                alt="CarPal cutie"
                class="over"
                src="blueCutie.png"
              />
              <img
                alt="Dennis Padiernos"
                class="under"
                src="dennis.png"
              />
            </div>
            <div
              class="socials"
              data-testid="socials"
            >
              <a
                data-testid="github-url"
                href="https://github.com/depadiernos"
                target="_blank"
              >
                <i
                  class="fab fa-github fa-3x"
                />
              </a>
              <a
                href="https://www.linkedin.com/in/dennispadiernos"
                target="_blank"
              >
                <i
                  class="fab fa-linkedin-in fa-3x"
                />
              </a>
            </div>
          </div>
          <p>
            Dennis is a software engineer who also loves music and mechanical keyboards and in his free time, he likes long walks by the beach and being a secret agent of OWCA (Organization Without a Cool Acronym)
          </p>
        </div>
        <div
          class="right show-tablet hide-desktop"
          data-testid="right"
        >
          <div
            class="img-container"
            data-testid="img-container"
          >
            <img
              alt="CarPal cutie"
              class="over"
              src="blueCutie.png"
            />
            <img
              alt="Dennis Padiernos"
              class="under"
              src="dennis.png"
            />
          </div>
          <div
            class="socials"
            data-testid="socials"
          >
            <a
              data-testid="github-url"
              href="https://github.com/depadiernos"
              target="_blank"
            >
              <i
                class="fab fa-github fa-3x"
              />
            </a>
            <a
              href="https://www.linkedin.com/in/dennispadiernos"
              target="_blank"
            >
              <i
                class="fab fa-linkedin-in fa-3x"
              />
            </a>
          </div>
        </div>
      </div>
    </div>
  </body>,
  "container": <div>
    <div
      class="awesome-aliens-box"
      data-testid="awesome-aliens-box"
    >
      <div
        class="left"
        data-testid="left"
      >
        <h2
          data-testid="carpaller-name"
        >
          Dennis Padiernos
        </h2>
        <h3
          class="team-title"
        >
          Chief Dad Joke Officer
        </h3>
        <div
          class="hide-tablet show-desktop"
        >
          <div
            class="img-container"
            data-testid="img-container"
          >
            <img
              alt="CarPal cutie"
              class="over"
              src="blueCutie.png"
            />
            <img
              alt="Dennis Padiernos"
              class="under"
              src="dennis.png"
            />
          </div>
          <div
            class="socials"
            data-testid="socials"
          >
            <a
              data-testid="github-url"
              href="https://github.com/depadiernos"
              target="_blank"
            >
              <i
                class="fab fa-github fa-3x"
              />
            </a>
            <a
              href="https://www.linkedin.com/in/dennispadiernos"
              target="_blank"
            >
              <i
                class="fab fa-linkedin-in fa-3x"
              />
            </a>
          </div>
        </div>
        <p>
          Dennis is a software engineer who also loves music and mechanical keyboards and in his free time, he likes long walks by the beach and being a secret agent of OWCA (Organization Without a Cool Acronym)
        </p>
      </div>
      <div
        class="right show-tablet hide-desktop"
        data-testid="right"
      >
        <div
          class="img-container"
          data-testid="img-container"
        >
          <img
            alt="CarPal cutie"
            class="over"
            src="blueCutie.png"
          />
          <img
            alt="Dennis Padiernos"
            class="under"
            src="dennis.png"
          />
        </div>
        <div
          class="socials"
          data-testid="socials"
        >
          <a
            data-testid="github-url"
            href="https://github.com/depadiernos"
            target="_blank"
          >
            <i
              class="fab fa-github fa-3x"
            />
          </a>
          <a
            href="https://www.linkedin.com/in/dennispadiernos"
            target="_blank"
          >
            <i
              class="fab fa-linkedin-in fa-3x"
            />
          </a>
        </div>
      </div>
    </div>
  </div>,
  "debug": [Function],
  "findAllByAltText": [Function],
  "findAllByDisplayValue": [Function],
  "findAllByLabelText": [Function],
  "findAllByPlaceholderText": [Function],
  "findAllByRole": [Function],
  "findAllByTestId": [Function],
  "findAllByText": [Function],
  "findAllByTitle": [Function],
  "findByAltText": [Function],
  "findByDisplayValue": [Function],
  "findByLabelText": [Function],
  "findByPlaceholderText": [Function],
  "findByRole": [Function],
  "findByTestId": [Function],
  "findByText": [Function],
  "findByTitle": [Function],
  "getAllByAltText": [Function],
  "getAllByDisplayValue": [Function],
  "getAllByLabelText": [Function],
  "getAllByPlaceholderText": [Function],
  "getAllByRole": [Function],
  "getAllByTestId": [Function],
  "getAllByText": [Function],
  "getAllByTitle": [Function],
  "getByAltText": [Function],
  "getByDisplayValue": [Function],
  "getByLabelText": [Function],
  "getByPlaceholderText": [Function],
  "getByRole": [Function],
  "getByTestId": [Function],
  "getByText": [Function],
  "getByTitle": [Function],
  "queryAllByAltText": [Function],
  "queryAllByDisplayValue": [Function],
  "queryAllByLabelText": [Function],
  "queryAllByPlaceholderText": [Function],
  "queryAllByRole": [Function],
  "queryAllByTestId": [Function],
  "queryAllByText": [Function],
  "queryAllByTitle": [Function],
  "queryByAltText": [Function],
  "queryByDisplayValue": [Function],
  "queryByLabelText": [Function],
  "queryByPlaceholderText": [Function],
  "queryByRole": [Function],
  "queryByTestId": [Function],
  "queryByText": [Function],
  "queryByTitle": [Function],
  "rerender": [Function],
  "unmount": [Function],
}
`;
