// Jest Snapshot v1, https://goo.gl/fbAQLP

exports[`about card renders without crashing <ImagesSocials /> snapshot 1`] = `
Object {
  "asFragment": [Function],
  "baseElement": <body>
    <div>
      <div
        class="img-container"
        data-testid="img-container"
      >
        <img
          alt="CarPal cutie"
          class="over"
          src="blueCutie.png"
        />
        <img
          alt="Dennis Padiernos"
          class="under"
          src="dennis.png"
        />
      </div>
      <div
        class="socials"
        data-testid="socials"
      >
        <a
          data-testid="github-url"
          href="https://github.com/depadiernos"
          target="_blank"
        >
          <i
            class="fab fa-github fa-3x"
          />
        </a>
        <a
          href="https://www.linkedin.com/in/dennispadiernos"
          target="_blank"
        >
          <i
            class="fab fa-linkedin-in fa-3x"
          />
        </a>
      </div>
    </div>
  </body>,
  "container": <div>
    <div
      class="img-container"
      data-testid="img-container"
    >
      <img
        alt="CarPal cutie"
        class="over"
        src="blueCutie.png"
      />
      <img
        alt="Dennis Padiernos"
        class="under"
        src="dennis.png"
      />
    </div>
    <div
      class="socials"
      data-testid="socials"
    >
      <a
        data-testid="github-url"
        href="https://github.com/depadiernos"
        target="_blank"
      >
        <i
          class="fab fa-github fa-3x"
        />
      </a>
      <a
        href="https://www.linkedin.com/in/dennispadiernos"
        target="_blank"
      >
        <i
          class="fab fa-linkedin-in fa-3x"
        />
      </a>
    </div>
  </div>,
  "debug": [Function],
  "findAllByAltText": [Function],
  "findAllByDisplayValue": [Function],
  "findAllByLabelText": [Function],
  "findAllByPlaceholderText": [Function],
  "findAllByRole": [Function],
  "findAllByTestId": [Function],
  "findAllByText": [Function],
  "findAllByTitle": [Function],
  "findByAltText": [Function],
  "findByDisplayValue": [Function],
  "findByLabelText": [Function],
  "findByPlaceholderText": [Function],
  "findByRole": [Function],
  "findByTestId": [Function],
  "findByText": [Function],
  "findByTitle": [Function],
  "getAllByAltText": [Function],
  "getAllByDisplayValue": [Function],
  "getAllByLabelText": [Function],
  "getAllByPlaceholderText": [Function],
  "getAllByRole": [Function],
  "getAllByTestId": [Function],
  "getAllByText": [Function],
  "getAllByTitle": [Function],
  "getByAltText": [Function],
  "getByDisplayValue": [Function],
  "getByLabelText": [Function],
  "getByPlaceholderText": [Function],
  "getByRole": [Function],
  "getByTestId": [Function],
  "getByText": [Function],
  "getByTitle": [Function],
  "queryAllByAltText": [Function],
  "queryAllByDisplayValue": [Function],
  "queryAllByLabelText": [Function],
  "queryAllByPlaceholderText": [Function],
  "queryAllByRole": [Function],
  "queryAllByTestId": [Function],
  "queryAllByText": [Function],
  "queryAllByTitle": [Function],
  "queryByAltText": [Function],
  "queryByDisplayValue": [Function],
  "queryByLabelText": [Function],
  "queryByPlaceholderText": [Function],
  "queryByRole": [Function],
  "queryByTestId": [Function],
  "queryByText": [Function],
  "queryByTitle": [Function],
  "rerender": [Function],
  "unmount": [Function],
}
`;
